mode: set
graphdb/internal/rpg/builder.go:32.99,33.30 1 1
graphdb/internal/rpg/builder.go:33.30,35.3 1 0
graphdb/internal/rpg/builder.go:36.2,36.43 1 1
graphdb/internal/rpg/builder.go:39.105,43.16 2 1
graphdb/internal/rpg/builder.go:43.16,45.3 1 1
graphdb/internal/rpg/builder.go:47.2,47.27 1 1
graphdb/internal/rpg/builder.go:47.27,49.3 1 1
graphdb/internal/rpg/builder.go:51.2,54.37 3 1
graphdb/internal/rpg/builder.go:54.37,55.27 1 1
graphdb/internal/rpg/builder.go:55.27,57.4 1 1
graphdb/internal/rpg/builder.go:60.3,61.33 2 1
graphdb/internal/rpg/builder.go:61.33,62.50 1 1
graphdb/internal/rpg/builder.go:62.50,64.5 1 1
graphdb/internal/rpg/builder.go:67.3,69.16 2 1
graphdb/internal/rpg/builder.go:69.16,71.4 1 0
graphdb/internal/rpg/builder.go:75.3,76.143 2 1
graphdb/internal/rpg/builder.go:76.143,78.4 1 1
graphdb/internal/rpg/builder.go:78.9,80.4 1 1
graphdb/internal/rpg/builder.go:83.3,100.17 7 1
graphdb/internal/rpg/builder.go:100.17,102.4 1 0
graphdb/internal/rpg/builder.go:104.3,106.25 2 1
graphdb/internal/rpg/builder.go:106.25,108.4 1 1
graphdb/internal/rpg/builder.go:111.2,111.36 1 1
graphdb/internal/rpg/builder.go:114.140,117.16 2 1
graphdb/internal/rpg/builder.go:117.16,119.3 1 0
graphdb/internal/rpg/builder.go:121.2,121.33 1 1
graphdb/internal/rpg/builder.go:121.33,124.93 3 1
graphdb/internal/rpg/builder.go:124.93,127.4 2 1
graphdb/internal/rpg/builder.go:127.9,130.4 2 1
graphdb/internal/rpg/builder.go:132.3,146.34 3 1
graphdb/internal/rpg/builder.go:146.34,152.4 1 1
graphdb/internal/rpg/builder.go:154.3,154.51 1 1
graphdb/internal/rpg/builder.go:156.2,156.22 1 1
graphdb/internal/rpg/cluster_global.go:21.103,25.16 2 1
graphdb/internal/rpg/cluster_global.go:25.16,27.3 1 0
graphdb/internal/rpg/cluster_global.go:29.2,36.38 5 1
graphdb/internal/rpg/cluster_global.go:36.38,38.30 2 1
graphdb/internal/rpg/cluster_global.go:38.30,39.12 1 0
graphdb/internal/rpg/cluster_global.go:43.3,54.26 5 1
graphdb/internal/rpg/cluster_global.go:54.26,61.12 2 1
graphdb/internal/rpg/cluster_global.go:65.3,66.28 2 1
graphdb/internal/rpg/cluster_global.go:66.28,68.4 1 1
graphdb/internal/rpg/cluster_global.go:69.3,72.17 3 1
graphdb/internal/rpg/cluster_global.go:72.17,74.4 1 0
graphdb/internal/rpg/cluster_global.go:77.3,79.7 3 1
graphdb/internal/rpg/cluster_global.go:79.7,80.24 1 1
graphdb/internal/rpg/cluster_global.go:80.24,81.10 1 1
graphdb/internal/rpg/cluster_global.go:83.4,84.13 2 0
graphdb/internal/rpg/cluster_global.go:86.3,92.5 2 1
graphdb/internal/rpg/cluster_global.go:95.2,95.27 1 1
graphdb/internal/rpg/cluster_global.go:98.84,99.21 1 1
graphdb/internal/rpg/cluster_global.go:99.21,101.3 1 0
graphdb/internal/rpg/cluster_global.go:104.2,105.26 2 1
graphdb/internal/rpg/cluster_global.go:105.26,106.51 1 1
graphdb/internal/rpg/cluster_global.go:106.51,108.9 2 1
graphdb/internal/rpg/cluster_global.go:111.2,111.14 1 1
graphdb/internal/rpg/cluster_global.go:111.14,113.3 1 0
graphdb/internal/rpg/cluster_global.go:115.2,118.26 3 1
graphdb/internal/rpg/cluster_global.go:118.26,119.51 1 1
graphdb/internal/rpg/cluster_global.go:119.51,120.29 1 1
graphdb/internal/rpg/cluster_global.go:120.29,122.5 1 1
graphdb/internal/rpg/cluster_global.go:123.4,123.11 1 1
graphdb/internal/rpg/cluster_global.go:127.2,127.15 1 1
graphdb/internal/rpg/cluster_global.go:127.15,128.28 1 1
graphdb/internal/rpg/cluster_global.go:128.28,130.4 1 1
graphdb/internal/rpg/cluster_global.go:132.2,132.17 1 1
graphdb/internal/rpg/cluster_global.go:140.120,141.21 1 1
graphdb/internal/rpg/cluster_global.go:141.21,142.25 1 0
graphdb/internal/rpg/cluster_global.go:142.25,144.4 1 0
graphdb/internal/rpg/cluster_global.go:145.3,145.23 1 0
graphdb/internal/rpg/cluster_global.go:148.2,149.26 2 1
graphdb/internal/rpg/cluster_global.go:149.26,150.51 1 1
graphdb/internal/rpg/cluster_global.go:150.51,153.4 2 1
graphdb/internal/rpg/cluster_global.go:153.9,155.4 1 0
graphdb/internal/rpg/cluster_global.go:159.2,159.44 1 1
graphdb/internal/rpg/cluster_global.go:159.44,161.3 1 1
graphdb/internal/rpg/cluster_global.go:163.2,165.29 2 1
graphdb/internal/rpg/cluster_global.go:165.29,166.39 1 1
graphdb/internal/rpg/cluster_global.go:166.39,168.4 1 1
graphdb/internal/rpg/cluster_global.go:169.3,169.16 1 1
graphdb/internal/rpg/cluster_global.go:173.2,175.35 3 0
graphdb/internal/rpg/cluster_global.go:175.35,177.3 1 0
graphdb/internal/rpg/cluster_global.go:178.2,178.63 1 0
graphdb/internal/rpg/cluster_global.go:178.63,180.3 1 0
graphdb/internal/rpg/cluster_global.go:182.2,182.15 1 0
graphdb/internal/rpg/cluster_global.go:185.81,187.26 2 1
graphdb/internal/rpg/cluster_global.go:187.26,189.22 1 1
graphdb/internal/rpg/cluster_global.go:189.22,194.33 4 1
graphdb/internal/rpg/cluster_global.go:194.33,196.36 2 1
graphdb/internal/rpg/cluster_global.go:196.36,197.29 1 1
graphdb/internal/rpg/cluster_global.go:197.29,199.7 1 0
graphdb/internal/rpg/cluster_global.go:200.6,202.14 3 1
graphdb/internal/rpg/cluster_global.go:208.3,208.78 1 1
graphdb/internal/rpg/cluster_global.go:208.78,210.4 1 0
graphdb/internal/rpg/cluster_global.go:212.2,212.17 1 1
graphdb/internal/rpg/cluster_semantic.go:24.97,25.21 1 1
graphdb/internal/rpg/cluster_semantic.go:25.21,27.3 1 1
graphdb/internal/rpg/cluster_semantic.go:30.2,30.21 1 1
graphdb/internal/rpg/cluster_semantic.go:30.21,35.3 1 1
graphdb/internal/rpg/cluster_semantic.go:38.2,42.26 4 1
graphdb/internal/rpg/cluster_semantic.go:42.26,43.51 1 1
graphdb/internal/rpg/cluster_semantic.go:43.51,45.4 1 1
graphdb/internal/rpg/cluster_semantic.go:45.9,54.4 3 1
graphdb/internal/rpg/cluster_semantic.go:58.2,58.27 1 1
graphdb/internal/rpg/cluster_semantic.go:58.27,59.24 1 1
graphdb/internal/rpg/cluster_semantic.go:59.24,61.4 1 0
graphdb/internal/rpg/cluster_semantic.go:62.3,63.17 2 1
graphdb/internal/rpg/cluster_semantic.go:63.17,65.4 1 0
graphdb/internal/rpg/cluster_semantic.go:66.3,66.46 1 1
graphdb/internal/rpg/cluster_semantic.go:66.46,68.4 1 0
graphdb/internal/rpg/cluster_semantic.go:69.3,69.38 1 1
graphdb/internal/rpg/cluster_semantic.go:69.38,71.4 1 1
graphdb/internal/rpg/cluster_semantic.go:75.2,76.24 2 1
graphdb/internal/rpg/cluster_semantic.go:76.24,78.3 1 0
graphdb/internal/rpg/cluster_semantic.go:78.8,81.3 1 1
graphdb/internal/rpg/cluster_semantic.go:83.2,83.11 1 1
graphdb/internal/rpg/cluster_semantic.go:83.11,85.3 1 1
graphdb/internal/rpg/cluster_semantic.go:86.2,86.22 1 1
graphdb/internal/rpg/cluster_semantic.go:86.22,88.3 1 0
graphdb/internal/rpg/cluster_semantic.go:91.2,92.18 2 1
graphdb/internal/rpg/cluster_semantic.go:92.18,94.3 1 1
graphdb/internal/rpg/cluster_semantic.go:95.2,96.17 2 1
graphdb/internal/rpg/cluster_semantic.go:96.17,98.3 1 1
graphdb/internal/rpg/cluster_semantic.go:99.2,104.25 4 1
graphdb/internal/rpg/cluster_semantic.go:104.25,109.3 1 1
graphdb/internal/rpg/cluster_semantic.go:111.2,111.41 1 1
graphdb/internal/rpg/cluster_semantic.go:111.41,113.3 1 1
graphdb/internal/rpg/cluster_semantic.go:116.2,117.27 2 1
graphdb/internal/rpg/cluster_semantic.go:117.27,118.23 1 1
graphdb/internal/rpg/cluster_semantic.go:118.23,120.4 1 1
graphdb/internal/rpg/cluster_semantic.go:123.2,123.25 1 1
graphdb/internal/rpg/cluster_semantic.go:128.108,130.22 2 1
graphdb/internal/rpg/cluster_semantic.go:130.22,132.3 1 0
graphdb/internal/rpg/cluster_semantic.go:133.2,141.40 5 1
graphdb/internal/rpg/cluster_semantic.go:141.40,143.3 1 1
graphdb/internal/rpg/cluster_semantic.go:144.2,146.46 2 1
graphdb/internal/rpg/cluster_semantic.go:146.46,151.29 3 1
graphdb/internal/rpg/cluster_semantic.go:151.29,154.27 3 1
graphdb/internal/rpg/cluster_semantic.go:154.27,156.24 2 1
graphdb/internal/rpg/cluster_semantic.go:156.24,159.6 2 1
graphdb/internal/rpg/cluster_semantic.go:161.4,161.33 1 1
graphdb/internal/rpg/cluster_semantic.go:161.33,164.5 2 1
graphdb/internal/rpg/cluster_semantic.go:167.3,167.15 1 1
graphdb/internal/rpg/cluster_semantic.go:167.15,168.9 1 1
graphdb/internal/rpg/cluster_semantic.go:172.3,174.26 3 1
graphdb/internal/rpg/cluster_semantic.go:174.26,176.4 1 1
graphdb/internal/rpg/cluster_semantic.go:177.3,177.29 1 1
graphdb/internal/rpg/cluster_semantic.go:177.29,180.29 3 1
graphdb/internal/rpg/cluster_semantic.go:180.29,182.5 1 1
graphdb/internal/rpg/cluster_semantic.go:184.3,184.26 1 1
graphdb/internal/rpg/cluster_semantic.go:184.26,185.21 1 1
graphdb/internal/rpg/cluster_semantic.go:185.21,186.30 1 1
graphdb/internal/rpg/cluster_semantic.go:186.30,188.6 1 1
graphdb/internal/rpg/cluster_semantic.go:189.5,189.35 1 1
graphdb/internal/rpg/cluster_semantic.go:194.2,196.20 2 1
graphdb/internal/rpg/cluster_semantic.go:200.101,209.11 6 1
graphdb/internal/rpg/cluster_semantic.go:209.11,211.41 2 1
graphdb/internal/rpg/cluster_semantic.go:211.41,213.4 1 1
graphdb/internal/rpg/cluster_semantic.go:214.3,217.26 3 1
graphdb/internal/rpg/cluster_semantic.go:217.26,221.30 3 1
graphdb/internal/rpg/cluster_semantic.go:221.30,223.33 2 1
graphdb/internal/rpg/cluster_semantic.go:223.33,225.21 2 1
graphdb/internal/rpg/cluster_semantic.go:225.21,227.7 1 1
graphdb/internal/rpg/cluster_semantic.go:229.5,230.22 2 1
graphdb/internal/rpg/cluster_semantic.go:234.4,237.28 4 1
graphdb/internal/rpg/cluster_semantic.go:237.28,239.24 2 1
graphdb/internal/rpg/cluster_semantic.go:239.24,241.11 2 1
graphdb/internal/rpg/cluster_semantic.go:244.4,245.13 2 1
graphdb/internal/rpg/cluster_semantic.go:247.3,247.14 1 1
graphdb/internal/rpg/cluster_semantic.go:250.2,250.18 1 1
graphdb/internal/rpg/cluster_semantic.go:254.45,256.19 2 1
graphdb/internal/rpg/cluster_semantic.go:256.19,260.3 3 1
graphdb/internal/rpg/cluster_semantic.go:261.2,261.30 1 1
graphdb/internal/rpg/cluster_semantic.go:261.30,263.3 1 0
graphdb/internal/rpg/cluster_semantic.go:264.2,265.18 2 1
graphdb/internal/rpg/enrich.go:29.89,31.31 2 1
graphdb/internal/rpg/enrich.go:31.31,35.72 2 1
graphdb/internal/rpg/enrich.go:35.72,37.41 2 1
graphdb/internal/rpg/enrich.go:37.41,39.5 1 1
graphdb/internal/rpg/enrich.go:39.10,39.45 1 0
graphdb/internal/rpg/enrich.go:39.45,40.29 1 0
graphdb/internal/rpg/enrich.go:40.29,41.33 1 0
graphdb/internal/rpg/enrich.go:41.33,43.7 1 0
graphdb/internal/rpg/enrich.go:46.4,46.19 1 1
graphdb/internal/rpg/enrich.go:46.19,48.5 1 1
graphdb/internal/rpg/enrich.go:51.3,55.51 4 1
graphdb/internal/rpg/enrich.go:55.51,56.70 1 1
graphdb/internal/rpg/enrich.go:56.70,57.28 1 1
graphdb/internal/rpg/enrich.go:57.28,59.6 1 0
graphdb/internal/rpg/enrich.go:59.11,61.6 1 1
graphdb/internal/rpg/enrich.go:65.3,65.20 1 1
graphdb/internal/rpg/enrich.go:65.20,67.4 1 1
graphdb/internal/rpg/enrich.go:68.3,68.25 1 1
graphdb/internal/rpg/enrich.go:68.25,69.9 1 0
graphdb/internal/rpg/enrich.go:73.2,74.16 2 1
graphdb/internal/rpg/enrich.go:74.16,76.3 1 1
graphdb/internal/rpg/enrich.go:78.2,82.37 3 1
graphdb/internal/rpg/enrich.go:82.37,84.17 2 1
graphdb/internal/rpg/enrich.go:84.17,86.4 1 0
graphdb/internal/rpg/enrich.go:87.3,87.26 1 1
graphdb/internal/rpg/enrich.go:87.26,89.4 1 1
graphdb/internal/rpg/enrich.go:92.2,92.12 1 1
graphdb/internal/rpg/enrich.go:95.40,96.25 1 1
graphdb/internal/rpg/enrich.go:97.11,98.19 1 1
graphdb/internal/rpg/enrich.go:99.15,100.24 1 1
graphdb/internal/rpg/enrich.go:101.14,102.24 1 0
graphdb/internal/rpg/enrich.go:103.13,104.24 1 0
graphdb/internal/rpg/enrich.go:105.10,106.18 1 1
graphdb/internal/rpg/enrich.go:118.112,125.57 2 0
graphdb/internal/rpg/enrich.go:125.57,127.23 2 0
graphdb/internal/rpg/enrich.go:127.23,129.4 1 0
graphdb/internal/rpg/enrich.go:130.3,133.4 1 0
graphdb/internal/rpg/enrich.go:136.2,137.16 2 0
graphdb/internal/rpg/enrich.go:137.16,139.3 1 0
graphdb/internal/rpg/enrich.go:141.2,147.8 1 0
graphdb/internal/rpg/enrich.go:150.39,151.16 1 1
graphdb/internal/rpg/enrich.go:151.16,153.3 1 1
graphdb/internal/rpg/enrich.go:154.2,163.47 2 1
graphdb/internal/rpg/enrich.go:166.28,167.16 1 1
graphdb/internal/rpg/enrich.go:167.16,169.3 1 1
graphdb/internal/rpg/enrich.go:170.2,171.113 2 1
graphdb/internal/rpg/enrich.go:174.116,175.24 1 0
graphdb/internal/rpg/enrich.go:175.24,177.3 1 0
graphdb/internal/rpg/enrich.go:180.2,181.24 2 0
graphdb/internal/rpg/enrich.go:181.24,183.3 1 0
graphdb/internal/rpg/enrich.go:185.2,185.40 1 0
graphdb/internal/rpg/enrich.go:185.40,187.25 2 0
graphdb/internal/rpg/enrich.go:187.25,189.4 1 0
graphdb/internal/rpg/enrich.go:190.3,207.52 1 0
graphdb/internal/rpg/enrich.go:208.8,226.3 1 0
graphdb/internal/rpg/enrich.go:228.2,252.6 6 0
graphdb/internal/rpg/enrich.go:252.6,257.17 4 0
graphdb/internal/rpg/enrich.go:257.17,258.18 1 0
graphdb/internal/rpg/enrich.go:258.18,265.5 1 0
graphdb/internal/rpg/enrich.go:266.4,266.29 1 0
graphdb/internal/rpg/enrich.go:266.29,269.33 3 0
graphdb/internal/rpg/enrich.go:269.33,271.6 1 0
graphdb/internal/rpg/enrich.go:273.5,276.53 3 0
graphdb/internal/rpg/enrich.go:276.53,278.6 1 0
graphdb/internal/rpg/enrich.go:280.5,282.13 3 0
graphdb/internal/rpg/enrich.go:284.4,284.87 1 0
graphdb/internal/rpg/enrich.go:287.3,287.47 1 0
graphdb/internal/rpg/enrich.go:287.47,289.4 1 0
graphdb/internal/rpg/enrich.go:292.3,293.58 2 0
graphdb/internal/rpg/enrich.go:293.58,295.4 1 0
graphdb/internal/rpg/enrich.go:297.3,301.76 2 0
graphdb/internal/rpg/enrich.go:301.76,303.4 1 0
graphdb/internal/rpg/enrich.go:305.3,305.48 1 0
graphdb/internal/rpg/extractor.go:37.118,44.57 2 0
graphdb/internal/rpg/extractor.go:44.57,46.23 2 0
graphdb/internal/rpg/extractor.go:46.23,48.4 1 0
graphdb/internal/rpg/extractor.go:49.3,52.4 1 0
graphdb/internal/rpg/extractor.go:55.2,56.16 2 0
graphdb/internal/rpg/extractor.go:56.16,58.3 1 0
graphdb/internal/rpg/extractor.go:60.2,66.8 1 0
graphdb/internal/rpg/extractor.go:69.97,70.16 1 0
graphdb/internal/rpg/extractor.go:70.16,72.3 1 0
graphdb/internal/rpg/extractor.go:75.2,75.23 1 0
graphdb/internal/rpg/extractor.go:75.23,77.3 1 0
graphdb/internal/rpg/extractor.go:79.2,80.24 2 0
graphdb/internal/rpg/extractor.go:80.24,82.3 1 0
graphdb/internal/rpg/extractor.go:84.2,119.6 6 0
graphdb/internal/rpg/extractor.go:119.6,124.17 4 0
graphdb/internal/rpg/extractor.go:124.17,125.18 1 0
graphdb/internal/rpg/extractor.go:125.18,132.5 1 0
graphdb/internal/rpg/extractor.go:133.4,133.29 1 0
graphdb/internal/rpg/extractor.go:133.29,136.33 3 0
graphdb/internal/rpg/extractor.go:136.33,138.6 1 0
graphdb/internal/rpg/extractor.go:139.5,142.53 3 0
graphdb/internal/rpg/extractor.go:142.53,144.6 1 0
graphdb/internal/rpg/extractor.go:146.5,148.13 3 0
graphdb/internal/rpg/extractor.go:150.4,150.94 1 0
graphdb/internal/rpg/extractor.go:153.3,153.47 1 0
graphdb/internal/rpg/extractor.go:153.47,155.4 1 0
graphdb/internal/rpg/extractor.go:158.3,159.58 2 0
graphdb/internal/rpg/extractor.go:159.58,161.4 1 0
graphdb/internal/rpg/extractor.go:163.3,164.72 2 0
graphdb/internal/rpg/extractor.go:164.72,167.83 2 0
graphdb/internal/rpg/extractor.go:167.83,169.5 1 0
graphdb/internal/rpg/extractor.go:170.4,170.26 1 0
graphdb/internal/rpg/extractor.go:173.3,173.46 1 0
graphdb/internal/rpg/extractor.go:184.98,185.18 1 1
graphdb/internal/rpg/extractor.go:185.18,187.3 1 1
graphdb/internal/rpg/extractor.go:188.2,188.26 1 1
graphdb/internal/rpg/extractor.go:188.26,190.3 1 1
graphdb/internal/rpg/extractor.go:191.2,191.41 1 1
graphdb/internal/rpg/llm_parser.go:10.66,14.20 3 1
graphdb/internal/rpg/llm_parser.go:14.20,16.3 1 0
graphdb/internal/rpg/llm_parser.go:18.2,19.35 2 1
graphdb/internal/rpg/llm_parser.go:19.35,21.3 1 1
graphdb/internal/rpg/llm_parser.go:21.8,23.3 1 1
graphdb/internal/rpg/llm_parser.go:25.2,26.40 2 1
graphdb/internal/rpg/llm_parser.go:26.40,28.3 1 1
graphdb/internal/rpg/llm_parser.go:30.2,32.64 2 1
graphdb/internal/rpg/llm_parser.go:32.64,34.3 1 0
graphdb/internal/rpg/llm_parser.go:35.2,35.12 1 1
graphdb/internal/rpg/naming.go:19.64,24.43 2 1
graphdb/internal/rpg/naming.go:24.43,26.3 1 1
graphdb/internal/rpg/naming.go:29.2,32.13 2 1
graphdb/internal/rpg/naming.go:32.13,34.3 1 1
graphdb/internal/rpg/naming.go:37.2,38.16 2 1
graphdb/internal/rpg/naming.go:38.16,40.3 1 1
graphdb/internal/rpg/naming.go:43.2,43.11 1 1
graphdb/internal/rpg/naming.go:46.50,49.26 2 1
graphdb/internal/rpg/naming.go:49.26,51.10 2 1
graphdb/internal/rpg/naming.go:51.10,52.12 1 1
graphdb/internal/rpg/naming.go:54.3,55.10 2 1
graphdb/internal/rpg/naming.go:55.10,56.12 1 0
graphdb/internal/rpg/naming.go:59.3,60.27 2 1
graphdb/internal/rpg/naming.go:60.27,62.18 1 1
graphdb/internal/rpg/naming.go:62.18,64.5 1 1
graphdb/internal/rpg/naming.go:68.2,72.34 3 1
graphdb/internal/rpg/naming.go:72.34,73.23 1 1
graphdb/internal/rpg/naming.go:73.23,76.4 2 1
graphdb/internal/rpg/naming.go:76.9,76.31 1 1
graphdb/internal/rpg/naming.go:76.31,80.23 1 1
graphdb/internal/rpg/naming.go:80.23,82.5 1 1
graphdb/internal/rpg/naming.go:86.2,86.20 1 1
graphdb/internal/rpg/naming.go:86.20,88.3 1 1
graphdb/internal/rpg/naming.go:90.2,90.11 1 1
graphdb/internal/rpg/naming.go:94.44,104.2 3 1
graphdb/internal/rpg/naming.go:106.33,109.16 3 1
graphdb/internal/rpg/naming.go:109.16,112.3 1 0
graphdb/internal/rpg/naming.go:113.2,113.30 1 1
graphdb/internal/rpg/orchestrator.go:26.59,30.16 3 1
graphdb/internal/rpg/orchestrator.go:30.16,32.3 1 0
graphdb/internal/rpg/orchestrator.go:33.2,33.16 1 1
graphdb/internal/rpg/orchestrator.go:33.16,36.3 2 0
graphdb/internal/rpg/orchestrator.go:38.2,42.22 4 1
graphdb/internal/rpg/orchestrator.go:42.22,44.3 1 1
graphdb/internal/rpg/orchestrator.go:46.2,46.6 1 1
graphdb/internal/rpg/orchestrator.go:46.6,48.17 2 1
graphdb/internal/rpg/orchestrator.go:48.17,50.4 1 0
graphdb/internal/rpg/orchestrator.go:52.3,52.22 1 1
graphdb/internal/rpg/orchestrator.go:52.22,53.9 1 1
graphdb/internal/rpg/orchestrator.go:56.3,60.30 4 1
graphdb/internal/rpg/orchestrator.go:60.30,64.30 3 1
graphdb/internal/rpg/orchestrator.go:64.30,66.18 2 1
graphdb/internal/rpg/orchestrator.go:66.18,66.27 1 1
graphdb/internal/rpg/orchestrator.go:68.5,75.42 7 1
graphdb/internal/rpg/orchestrator.go:75.42,77.6 1 0
graphdb/internal/rpg/orchestrator.go:77.11,77.47 1 1
graphdb/internal/rpg/orchestrator.go:77.47,79.6 1 1
graphdb/internal/rpg/orchestrator.go:80.5,80.40 1 1
graphdb/internal/rpg/orchestrator.go:80.40,82.6 1 0
graphdb/internal/rpg/orchestrator.go:82.11,82.45 1 1
graphdb/internal/rpg/orchestrator.go:82.45,84.6 1 1
graphdb/internal/rpg/orchestrator.go:86.5,86.53 1 1
graphdb/internal/rpg/orchestrator.go:86.53,90.6 3 0
graphdb/internal/rpg/orchestrator.go:92.5,93.22 2 1
graphdb/internal/rpg/orchestrator.go:93.22,95.6 1 1
graphdb/internal/rpg/orchestrator.go:97.5,98.19 2 1
graphdb/internal/rpg/orchestrator.go:98.19,103.6 4 1
graphdb/internal/rpg/orchestrator.go:105.5,106.19 2 1
graphdb/internal/rpg/orchestrator.go:106.19,109.6 2 1
graphdb/internal/rpg/orchestrator.go:111.5,111.30 1 1
graphdb/internal/rpg/orchestrator.go:111.30,113.6 1 0
graphdb/internal/rpg/orchestrator.go:115.5,116.19 2 1
graphdb/internal/rpg/orchestrator.go:116.19,119.6 2 0
graphdb/internal/rpg/orchestrator.go:120.5,120.14 1 1
graphdb/internal/rpg/orchestrator.go:124.3,126.28 3 1
graphdb/internal/rpg/orchestrator.go:126.28,127.18 1 1
graphdb/internal/rpg/orchestrator.go:127.18,129.5 1 1
graphdb/internal/rpg/orchestrator.go:133.2,134.12 2 1
graphdb/internal/rpg/orchestrator.go:137.58,139.16 2 1
graphdb/internal/rpg/orchestrator.go:139.16,141.3 1 0
graphdb/internal/rpg/orchestrator.go:143.2,143.25 1 1
graphdb/internal/rpg/orchestrator.go:143.25,146.3 2 0
graphdb/internal/rpg/orchestrator.go:148.2,150.6 2 1
graphdb/internal/rpg/orchestrator.go:150.6,152.17 2 1
graphdb/internal/rpg/orchestrator.go:152.17,154.4 1 0
graphdb/internal/rpg/orchestrator.go:156.3,156.22 1 1
graphdb/internal/rpg/orchestrator.go:156.22,157.9 1 1
graphdb/internal/rpg/orchestrator.go:160.3,163.30 3 1
graphdb/internal/rpg/orchestrator.go:163.30,167.4 3 1
graphdb/internal/rpg/orchestrator.go:169.3,170.17 2 1
graphdb/internal/rpg/orchestrator.go:170.17,173.4 2 0
graphdb/internal/rpg/orchestrator.go:175.3,175.34 1 1
graphdb/internal/rpg/orchestrator.go:175.34,177.18 2 1
graphdb/internal/rpg/orchestrator.go:177.18,179.5 1 0
graphdb/internal/rpg/orchestrator.go:180.4,180.13 1 1
graphdb/internal/rpg/orchestrator.go:184.2,186.12 3 1
graphdb/internal/rpg/orchestrator.go:189.42,190.20 1 1
graphdb/internal/rpg/orchestrator.go:190.20,192.3 1 1
graphdb/internal/rpg/orchestrator.go:193.2,194.11 2 1
graphdb/internal/rpg/orchestrator.go:194.11,196.3 1 1
graphdb/internal/rpg/orchestrator.go:197.2,197.12 1 1
graphdb/internal/rpg/orchestrator.go:197.12,199.3 1 1
graphdb/internal/rpg/orchestrator.go:200.2,200.10 1 1
graphdb/internal/rpg/orchestrator.go:203.56,205.58 2 1
graphdb/internal/rpg/orchestrator.go:205.58,207.3 1 0
graphdb/internal/rpg/orchestrator.go:209.2,211.16 3 1
graphdb/internal/rpg/orchestrator.go:211.16,213.3 1 0
graphdb/internal/rpg/orchestrator.go:214.2,218.16 4 1
graphdb/internal/rpg/orchestrator.go:218.16,220.3 1 0
graphdb/internal/rpg/orchestrator.go:223.2,224.34 2 1
graphdb/internal/rpg/orchestrator.go:224.34,225.36 1 1
graphdb/internal/rpg/orchestrator.go:225.36,227.4 1 1
graphdb/internal/rpg/orchestrator.go:231.2,232.31 2 1
graphdb/internal/rpg/orchestrator.go:232.31,233.53 1 1
graphdb/internal/rpg/orchestrator.go:233.53,235.4 1 1
graphdb/internal/rpg/orchestrator.go:237.2,251.30 4 1
graphdb/internal/rpg/orchestrator.go:251.30,253.4 1 0
graphdb/internal/rpg/orchestrator.go:256.2,266.51 2 1
graphdb/internal/rpg/orchestrator.go:266.51,268.4 1 1
graphdb/internal/rpg/orchestrator.go:269.56,271.4 1 1
graphdb/internal/rpg/orchestrator.go:272.36,274.4 1 1
graphdb/internal/rpg/orchestrator.go:277.2,280.16 3 1
graphdb/internal/rpg/orchestrator.go:280.16,282.3 1 0
graphdb/internal/rpg/orchestrator.go:285.2,287.23 3 1
graphdb/internal/rpg/orchestrator.go:287.23,289.3 1 1
graphdb/internal/rpg/orchestrator.go:290.2,291.26 2 1
graphdb/internal/rpg/orchestrator.go:291.26,293.3 1 1
graphdb/internal/rpg/orchestrator.go:295.2,296.85 2 1
graphdb/internal/rpg/orchestrator.go:296.85,298.3 1 0
graphdb/internal/rpg/orchestrator.go:300.2,301.12 2 1
graphdb/internal/rpg/orchestrator.go:304.74,308.16 3 1
graphdb/internal/rpg/orchestrator.go:308.16,310.3 1 0
graphdb/internal/rpg/orchestrator.go:311.2,311.16 1 1
graphdb/internal/rpg/orchestrator.go:311.16,314.3 2 0
graphdb/internal/rpg/orchestrator.go:316.2,320.22 4 1
graphdb/internal/rpg/orchestrator.go:320.22,322.3 1 1
graphdb/internal/rpg/orchestrator.go:324.2,324.6 1 1
graphdb/internal/rpg/orchestrator.go:324.6,326.17 2 1
graphdb/internal/rpg/orchestrator.go:326.17,328.4 1 0
graphdb/internal/rpg/orchestrator.go:330.3,330.22 1 1
graphdb/internal/rpg/orchestrator.go:330.22,331.9 1 1
graphdb/internal/rpg/orchestrator.go:334.3,335.20 2 1
graphdb/internal/rpg/orchestrator.go:335.20,337.4 1 0
graphdb/internal/rpg/orchestrator.go:340.3,340.70 1 1
graphdb/internal/rpg/orchestrator.go:340.70,342.31 2 1
graphdb/internal/rpg/orchestrator.go:342.31,344.5 1 0
graphdb/internal/rpg/orchestrator.go:345.4,345.39 1 1
graphdb/internal/rpg/orchestrator.go:348.3,358.30 5 1
graphdb/internal/rpg/orchestrator.go:358.30,362.30 3 1
graphdb/internal/rpg/orchestrator.go:362.30,364.18 2 1
graphdb/internal/rpg/orchestrator.go:364.18,364.27 1 1
graphdb/internal/rpg/orchestrator.go:366.5,367.19 2 1
graphdb/internal/rpg/orchestrator.go:367.19,370.6 2 0
graphdb/internal/rpg/orchestrator.go:372.5,373.41 2 1
graphdb/internal/rpg/orchestrator.go:373.41,375.6 1 1
graphdb/internal/rpg/orchestrator.go:377.5,383.19 3 1
graphdb/internal/rpg/orchestrator.go:383.19,386.6 2 1
graphdb/internal/rpg/orchestrator.go:388.5,389.19 2 1
graphdb/internal/rpg/orchestrator.go:389.19,392.6 2 0
graphdb/internal/rpg/orchestrator.go:393.5,393.14 1 1
graphdb/internal/rpg/orchestrator.go:397.3,399.28 3 1
graphdb/internal/rpg/orchestrator.go:399.28,400.18 1 1
graphdb/internal/rpg/orchestrator.go:400.18,402.5 1 1
graphdb/internal/rpg/orchestrator.go:406.2,407.12 2 1
graphdb/internal/rpg/paths.go:11.54,12.21 1 1
graphdb/internal/rpg/paths.go:12.21,14.3 1 1
graphdb/internal/rpg/paths.go:17.2,19.30 2 1
graphdb/internal/rpg/paths.go:19.30,23.50 2 1
graphdb/internal/rpg/paths.go:23.50,25.4 1 0
graphdb/internal/rpg/paths.go:27.3,28.17 2 1
graphdb/internal/rpg/paths.go:28.17,31.4 1 0
graphdb/internal/rpg/paths.go:34.3,34.36 1 1
graphdb/internal/rpg/paths.go:34.36,38.24 2 1
graphdb/internal/rpg/paths.go:38.24,44.5 1 0
graphdb/internal/rpg/paths.go:46.4,48.18 3 1
graphdb/internal/rpg/paths.go:48.18,50.5 1 0
graphdb/internal/rpg/paths.go:54.2,54.15 1 1
graphdb/internal/rpg/schema.go:20.39,22.40 2 1
graphdb/internal/rpg/schema.go:22.40,24.3 1 1
graphdb/internal/rpg/schema.go:25.2,34.3 1 1
graphdb/internal/rpg/schema.go:37.83,43.27 5 1
graphdb/internal/rpg/schema.go:43.27,45.36 2 1
graphdb/internal/rpg/schema.go:45.36,47.4 1 1
graphdb/internal/rpg/schema.go:50.2,50.26 1 1
graphdb/internal/rpg/schema.go:50.26,52.3 1 1
graphdb/internal/rpg/schema.go:54.2,54.24 1 1
graphdb/internal/rpg/text.go:12.38,16.65 2 1
graphdb/internal/rpg/text.go:16.65,18.3 1 1
graphdb/internal/rpg/text.go:21.2,21.65 1 1
graphdb/internal/rpg/text.go:21.65,23.3 1 1
graphdb/internal/rpg/text.go:26.2,26.45 1 1
graphdb/internal/rpg/text.go:26.45,28.3 1 1
graphdb/internal/rpg/text.go:30.2,30.20 1 1
graphdb/internal/rpg/text.go:30.20,32.3 1 1
graphdb/internal/rpg/text.go:34.2,34.13 1 1
graphdb/internal/rpg/text.go:37.47,38.77 1 1
graphdb/internal/rpg/text.go:38.77,40.3 1 1
graphdb/internal/rpg/text.go:41.2,41.88 1 1
graphdb/internal/rpg/text.go:41.88,43.27 2 1
graphdb/internal/rpg/text.go:43.27,45.4 1 1
graphdb/internal/rpg/text.go:46.3,46.15 1 1
graphdb/internal/rpg/text.go:48.2,48.12 1 1
